// Jest Snapshot v1, https://goo.gl/fbAQLP

exports[`<Profile /> renders 1`] = `ShallowWrapper {}`;
