// Jest Snapshot v1, https://goo.gl/fbAQLP

exports[`<LandingPage /> renders 1`] = `ShallowWrapper {}`;
