// Jest Snapshot v1, https://goo.gl/fbAQLP

exports[`<OrderSummary /> renders 1`] = `ShallowWrapper {}`;
