// Jest Snapshot v1, https://goo.gl/fbAQLP

exports[`<AddressForm /> renders 1`] = `ShallowWrapper {}`;
