// Jest Snapshot v1, https://goo.gl/fbAQLP

exports[`<Messages /> renders 1`] = `ShallowWrapper {}`;
