// Jest Snapshot v1, https://goo.gl/fbAQLP

exports[`<MyOrders /> renders 1`] = `ShallowWrapper {}`;
