// Jest Snapshot v1, https://goo.gl/fbAQLP

exports[`<LoginForm /> renders 1`] = `ShallowWrapper {}`;
