// Jest Snapshot v1, https://goo.gl/fbAQLP

exports[`<AddressItem /> renders 1`] = `ShallowWrapper {}`;
