// Jest Snapshot v1, https://goo.gl/fbAQLP

exports[`<SignUpForm /> renders 1`] = `ShallowWrapper {}`;
