// Jest Snapshot v1, https://goo.gl/fbAQLP

exports[`<Checkout /> renders 1`] = `ShallowWrapper {}`;
