// Jest Snapshot v1, https://goo.gl/fbAQLP

exports[`<UserDashboard /> renders 1`] = `ShallowWrapper {}`;
