// Jest Snapshot v1, https://goo.gl/fbAQLP

exports[`<PizzaItemsList /> renders 1`] = `ShallowWrapper {}`;
